<?xml version="1.0" encoding="utf-8"?>
<TestRun id="ced9391e-84e9-462c-84d0-86e70ac5185c" name="mihai@IMARION 2022-09-20 15:21:44" runUser="IMARION\mihai" xmlns="http://microsoft.com/schemas/VisualStudio/TeamTest/2010">
  <Times creation="2022-09-20T15:21:44.2037867+03:00" queuing="2022-09-20T15:21:44.2037870+03:00" start="2022-09-20T15:21:31.1602405+03:00" finish="2022-09-20T15:21:44.2605154+03:00" />
  <TestSettings name="default" id="f062d3f9-ef74-4abb-84ce-96c2eb0d4a9b">
    <Deployment runDeploymentRoot="mihai_IMARION_2022-09-20_15_21_44" />
  </TestSettings>
  <Results>
    <UnitTestResult executionId="6298fe09-f25b-4435-a8b4-90042a69a2fd" testId="e0d61420-d4cd-61a4-2f0f-0f6364cec6ba" testName="Hw1Tests.ParserTests.TestParserWrongValues(val1: &quot;f&quot;, operation: &quot;+&quot;, val2: &quot;3&quot;)" computerName="IMARION" duration="00:00:00.0000338" startTime="2022-09-20T15:21:44.1747295+03:00" endTime="2022-09-20T15:21:44.1747295+03:00" testType="13cdc9d9-ddb5-4fa4-a97d-d965ccfc6d4b" outcome="Passed" testListId="8c84fa94-04c1-424b-9868-57a2d4851a1d" relativeResultsDirectory="6298fe09-f25b-4435-a8b4-90042a69a2fd" />
    <UnitTestResult executionId="ea2d5f36-724b-42cd-be7f-6ed651c938f6" testId="157132a0-2d73-3d97-627a-d055e418a425" testName="Hw1Tests.CalculatorTests.TestAllOperations(value1: 15, value2: 5, operation: Plus, expectedValue: 20)" computerName="IMARION" duration="00:00:00.0000051" startTime="2022-09-20T15:21:44.1613938+03:00" endTime="2022-09-20T15:21:44.1613939+03:00" testType="13cdc9d9-ddb5-4fa4-a97d-d965ccfc6d4b" outcome="Passed" testListId="8c84fa94-04c1-424b-9868-57a2d4851a1d" relativeResultsDirectory="ea2d5f36-724b-42cd-be7f-6ed651c938f6" />
    <UnitTestResult executionId="d3051862-99f1-4362-9b9d-6771755cbbb4" testId="06bc77ea-38d2-c50b-f0d1-5fcb70d98722" testName="Hw1Tests.CalculatorTests.TestDividingZeroByZero" computerName="IMARION" duration="00:00:00.0001010" startTime="2022-09-20T15:21:44.1615086+03:00" endTime="2022-09-20T15:21:44.1615087+03:00" testType="13cdc9d9-ddb5-4fa4-a97d-d965ccfc6d4b" outcome="Passed" testListId="8c84fa94-04c1-424b-9868-57a2d4851a1d" relativeResultsDirectory="d3051862-99f1-4362-9b9d-6771755cbbb4" />
    <UnitTestResult executionId="585edcf6-9890-4fb9-ba51-75d391fc3537" testId="f2a073dd-75dd-052f-7567-dde05c184bd6" testName="Hw1Tests.ParserTests.TestParserWrongLength" computerName="IMARION" duration="00:00:00.0003608" startTime="2022-09-20T15:21:44.1749383+03:00" endTime="2022-09-20T15:21:44.1749384+03:00" testType="13cdc9d9-ddb5-4fa4-a97d-d965ccfc6d4b" outcome="Passed" testListId="8c84fa94-04c1-424b-9868-57a2d4851a1d" relativeResultsDirectory="585edcf6-9890-4fb9-ba51-75d391fc3537" />
    <UnitTestResult executionId="0af066b1-f420-442e-83f9-64ade3fee261" testId="897dadd0-5528-b6fe-f76c-424c38d3f5d8" testName="Hw1Tests.ParserTests.TestCorrectOperations(operation: &quot;*&quot;, operationExpected: Multiply)" computerName="IMARION" duration="00:00:00.0000066" startTime="2022-09-20T15:21:44.1749052+03:00" endTime="2022-09-20T15:21:44.1749052+03:00" testType="13cdc9d9-ddb5-4fa4-a97d-d965ccfc6d4b" outcome="Passed" testListId="8c84fa94-04c1-424b-9868-57a2d4851a1d" relativeResultsDirectory="0af066b1-f420-442e-83f9-64ade3fee261" />
    <UnitTestResult executionId="1bff2e19-7fc1-451a-bd17-9531b9d362b8" testId="12cb7f68-9fbb-beb8-e183-c3424965c793" testName="Hw1Tests.CalculatorTests.TestAllOperations(value1: 15, value2: 5, operation: Minus, expectedValue: 10)" computerName="IMARION" duration="00:00:00.0000254" startTime="2022-09-20T15:21:44.1613287+03:00" endTime="2022-09-20T15:21:44.1613288+03:00" testType="13cdc9d9-ddb5-4fa4-a97d-d965ccfc6d4b" outcome="Passed" testListId="8c84fa94-04c1-424b-9868-57a2d4851a1d" relativeResultsDirectory="1bff2e19-7fc1-451a-bd17-9531b9d362b8" />
    <UnitTestResult executionId="75d302fb-1b60-485e-b6ff-ee923f0302ac" testId="97da4d17-9eaa-de8b-fee7-2bd8b78fc311" testName="Hw1Tests.ParserTests.TestParserWrongValues(val1: &quot;a&quot;, operation: &quot;+&quot;, val2: &quot;f&quot;)" computerName="IMARION" duration="00:00:00.0004212" startTime="2022-09-20T15:21:44.1615446+03:00" endTime="2022-09-20T15:21:44.1615446+03:00" testType="13cdc9d9-ddb5-4fa4-a97d-d965ccfc6d4b" outcome="Passed" testListId="8c84fa94-04c1-424b-9868-57a2d4851a1d" relativeResultsDirectory="75d302fb-1b60-485e-b6ff-ee923f0302ac" />
    <UnitTestResult executionId="2a30011e-a366-4376-a37e-71aad876a55d" testId="f6435553-fecd-a0ce-1346-3c6cc417e1f7" testName="Hw1Tests.ParserTests.TestCorrectOperations(operation: &quot;-&quot;, operationExpected: Minus)" computerName="IMARION" duration="00:00:00.0028146" startTime="2022-09-20T15:21:44.1748196+03:00" endTime="2022-09-20T15:21:44.1748196+03:00" testType="13cdc9d9-ddb5-4fa4-a97d-d965ccfc6d4b" outcome="Passed" testListId="8c84fa94-04c1-424b-9868-57a2d4851a1d" relativeResultsDirectory="2a30011e-a366-4376-a37e-71aad876a55d" />
    <UnitTestResult executionId="a955740b-22e0-43f9-a3f0-e051593de199" testId="e60d329e-0d64-b64d-43a0-f701207965c1" testName="Hw1Tests.CalculatorTests.TestAllOperations(value1: 15, value2: 5, operation: Divide, expectedValue: 3)" computerName="IMARION" duration="00:00:00.0057011" startTime="2022-09-20T15:21:44.1600255+03:00" endTime="2022-09-20T15:21:44.1600256+03:00" testType="13cdc9d9-ddb5-4fa4-a97d-d965ccfc6d4b" outcome="Passed" testListId="8c84fa94-04c1-424b-9868-57a2d4851a1d" relativeResultsDirectory="a955740b-22e0-43f9-a3f0-e051593de199" />
    <UnitTestResult executionId="431b91db-fc8b-45e9-b3fb-64d8d0a2125d" testId="41e4452c-2bea-a7aa-ee23-05eae9994b8a" testName="Hw1Tests.ParserTests.TestParserUndefinedOperation" computerName="IMARION" duration="00:00:00.0003446" startTime="2022-09-20T15:21:44.1763961+03:00" endTime="2022-09-20T15:21:44.1763962+03:00" testType="13cdc9d9-ddb5-4fa4-a97d-d965ccfc6d4b" outcome="Passed" testListId="8c84fa94-04c1-424b-9868-57a2d4851a1d" relativeResultsDirectory="431b91db-fc8b-45e9-b3fb-64d8d0a2125d" />
    <UnitTestResult executionId="89e29a23-06fd-4d44-bfe2-eedef09e6d31" testId="5e702fb6-03b3-927b-f33a-ca681154737f" testName="Hw1Tests.CalculatorTests.TestInvalidOperation" computerName="IMARION" duration="00:00:00.0006420" startTime="2022-09-20T15:21:44.1747661+03:00" endTime="2022-09-20T15:21:44.1747662+03:00" testType="13cdc9d9-ddb5-4fa4-a97d-d965ccfc6d4b" outcome="Passed" testListId="8c84fa94-04c1-424b-9868-57a2d4851a1d" relativeResultsDirectory="89e29a23-06fd-4d44-bfe2-eedef09e6d31" />
    <UnitTestResult executionId="6ba55be1-0854-49bf-a4f2-d2d7d15637a4" testId="6c7c9f25-5265-c983-8373-889ec0ed368e" testName="Hw1Tests.CalculatorTests.TestDividingZeroByNonZero" computerName="IMARION" duration="00:00:00.0001003" startTime="2022-09-20T15:21:44.1748029+03:00" endTime="2022-09-20T15:21:44.1748030+03:00" testType="13cdc9d9-ddb5-4fa4-a97d-d965ccfc6d4b" outcome="Passed" testListId="8c84fa94-04c1-424b-9868-57a2d4851a1d" relativeResultsDirectory="6ba55be1-0854-49bf-a4f2-d2d7d15637a4" />
    <UnitTestResult executionId="2cb218ac-3e37-4258-9b3e-cbc4907b302f" testId="12dcb00f-e534-ae45-87dc-923c427b885c" testName="Hw1Tests.ParserTests.TestParserWrongValues(val1: &quot;3&quot;, operation: &quot;+&quot;, val2: &quot;f&quot;)" computerName="IMARION" duration="00:00:00.0000509" startTime="2022-09-20T15:21:44.1746869+03:00" endTime="2022-09-20T15:21:44.1746870+03:00" testType="13cdc9d9-ddb5-4fa4-a97d-d965ccfc6d4b" outcome="Passed" testListId="8c84fa94-04c1-424b-9868-57a2d4851a1d" relativeResultsDirectory="2cb218ac-3e37-4258-9b3e-cbc4907b302f" />
    <UnitTestResult executionId="492cd193-2a5f-4e77-98c1-303c8aee0c0e" testId="a9e91a99-9906-081b-bee6-b437902b3e66" testName="Hw1Tests.ParserTests.TestCorrectOperations(operation: &quot;+&quot;, operationExpected: Plus)" computerName="IMARION" duration="00:00:00.0000082" startTime="2022-09-20T15:21:44.1748735+03:00" endTime="2022-09-20T15:21:44.1748736+03:00" testType="13cdc9d9-ddb5-4fa4-a97d-d965ccfc6d4b" outcome="Passed" testListId="8c84fa94-04c1-424b-9868-57a2d4851a1d" relativeResultsDirectory="492cd193-2a5f-4e77-98c1-303c8aee0c0e" />
    <UnitTestResult executionId="ab5b3091-66d3-468d-8285-de97893982e4" testId="2c1f0024-d756-4e7e-c9e9-7b8888655bdc" testName="Hw1Tests.ParserTests.TestCorrectOperations(operation: &quot;/&quot;, operationExpected: Divide)" computerName="IMARION" duration="00:00:00.0000292" startTime="2022-09-20T15:21:44.1748478+03:00" endTime="2022-09-20T15:21:44.1748479+03:00" testType="13cdc9d9-ddb5-4fa4-a97d-d965ccfc6d4b" outcome="Passed" testListId="8c84fa94-04c1-424b-9868-57a2d4851a1d" relativeResultsDirectory="ab5b3091-66d3-468d-8285-de97893982e4" />
    <UnitTestResult executionId="c07479d9-c326-40e1-ba29-fb9cdb67ce02" testId="bd918f5e-7418-beb0-a2e8-1b58f062b58c" testName="Hw1Tests.CalculatorTests.TestAllOperations(value1: 15, value2: 5, operation: Multiply, expectedValue: 75)" computerName="IMARION" duration="00:00:00.0000072" startTime="2022-09-20T15:21:44.1613659+03:00" endTime="2022-09-20T15:21:44.1613660+03:00" testType="13cdc9d9-ddb5-4fa4-a97d-d965ccfc6d4b" outcome="Passed" testListId="8c84fa94-04c1-424b-9868-57a2d4851a1d" relativeResultsDirectory="c07479d9-c326-40e1-ba29-fb9cdb67ce02" />
    <UnitTestResult executionId="f4446537-1ebd-40db-8e39-5a75300b5b03" testId="5b4fad60-763d-70b4-2781-a3a056d9bf47" testName="Hw1Tests.CalculatorTests.TestDividingNonZeroByZero" computerName="IMARION" duration="00:00:00.0001237" startTime="2022-09-20T15:21:44.1614719+03:00" endTime="2022-09-20T15:21:44.1614720+03:00" testType="13cdc9d9-ddb5-4fa4-a97d-d965ccfc6d4b" outcome="Passed" testListId="8c84fa94-04c1-424b-9868-57a2d4851a1d" relativeResultsDirectory="f4446537-1ebd-40db-8e39-5a75300b5b03" />
    <UnitTestResult executionId="f35f0ba0-3f04-4bc7-a723-e144b0fe490f" testId="a49ebe87-d030-19ab-6fc7-dfe1b366c340" testName="Hw1Tests.ParserTests.TestParserWrongOperation" computerName="IMARION" duration="00:00:00.0056683" startTime="2022-09-20T15:21:44.1549140+03:00" endTime="2022-09-20T15:21:44.1549496+03:00" testType="13cdc9d9-ddb5-4fa4-a97d-d965ccfc6d4b" outcome="Passed" testListId="8c84fa94-04c1-424b-9868-57a2d4851a1d" relativeResultsDirectory="f35f0ba0-3f04-4bc7-a723-e144b0fe490f" />
  </Results>
  <TestDefinitions>
    <UnitTest name="Hw1Tests.CalculatorTests.TestAllOperations(value1: 15, value2: 5, operation: Multiply, expectedValue: 75)" storage="d:\1_sem_net\dotnet-homeworks-2\homework1\hw1.tests\bin\debug\net6.0\hw1.tests.dll" id="bd918f5e-7418-beb0-a2e8-1b58f062b58c">
      <Execution id="c07479d9-c326-40e1-ba29-fb9cdb67ce02" />
      <TestMethod codeBase="D:\1_sem_Net\dotnet-homeworks-2\Homework1\Hw1.Tests\bin\Debug\net6.0\Hw1.Tests.dll" adapterTypeName="executor://xunit/VsTestRunner2/netcoreapp" className="Hw1Tests.CalculatorTests" name="TestAllOperations" />
    </UnitTest>
    <UnitTest name="Hw1Tests.ParserTests.TestCorrectOperations(operation: &quot;-&quot;, operationExpected: Minus)" storage="d:\1_sem_net\dotnet-homeworks-2\homework1\hw1.tests\bin\debug\net6.0\hw1.tests.dll" id="f6435553-fecd-a0ce-1346-3c6cc417e1f7">
      <Execution id="2a30011e-a366-4376-a37e-71aad876a55d" />
      <TestMethod codeBase="D:\1_sem_Net\dotnet-homeworks-2\Homework1\Hw1.Tests\bin\Debug\net6.0\Hw1.Tests.dll" adapterTypeName="executor://xunit/VsTestRunner2/netcoreapp" className="Hw1Tests.ParserTests" name="TestCorrectOperations" />
    </UnitTest>
    <UnitTest name="Hw1Tests.ParserTests.TestCorrectOperations(operation: &quot;+&quot;, operationExpected: Plus)" storage="d:\1_sem_net\dotnet-homeworks-2\homework1\hw1.tests\bin\debug\net6.0\hw1.tests.dll" id="a9e91a99-9906-081b-bee6-b437902b3e66">
      <Execution id="492cd193-2a5f-4e77-98c1-303c8aee0c0e" />
      <TestMethod codeBase="D:\1_sem_Net\dotnet-homeworks-2\Homework1\Hw1.Tests\bin\Debug\net6.0\Hw1.Tests.dll" adapterTypeName="executor://xunit/VsTestRunner2/netcoreapp" className="Hw1Tests.ParserTests" name="TestCorrectOperations" />
    </UnitTest>
    <UnitTest name="Hw1Tests.ParserTests.TestParserWrongValues(val1: &quot;f&quot;, operation: &quot;+&quot;, val2: &quot;3&quot;)" storage="d:\1_sem_net\dotnet-homeworks-2\homework1\hw1.tests\bin\debug\net6.0\hw1.tests.dll" id="e0d61420-d4cd-61a4-2f0f-0f6364cec6ba">
      <Execution id="6298fe09-f25b-4435-a8b4-90042a69a2fd" />
      <TestMethod codeBase="D:\1_sem_Net\dotnet-homeworks-2\Homework1\Hw1.Tests\bin\Debug\net6.0\Hw1.Tests.dll" adapterTypeName="executor://xunit/VsTestRunner2/netcoreapp" className="Hw1Tests.ParserTests" name="TestParserWrongValues" />
    </UnitTest>
    <UnitTest name="Hw1Tests.ParserTests.TestParserUndefinedOperation" storage="d:\1_sem_net\dotnet-homeworks-2\homework1\hw1.tests\bin\debug\net6.0\hw1.tests.dll" id="41e4452c-2bea-a7aa-ee23-05eae9994b8a">
      <Execution id="431b91db-fc8b-45e9-b3fb-64d8d0a2125d" />
      <TestMethod codeBase="D:\1_sem_Net\dotnet-homeworks-2\Homework1\Hw1.Tests\bin\Debug\net6.0\Hw1.Tests.dll" adapterTypeName="executor://xunit/VsTestRunner2/netcoreapp" className="Hw1Tests.ParserTests" name="TestParserUndefinedOperation" />
    </UnitTest>
    <UnitTest name="Hw1Tests.CalculatorTests.TestDividingNonZeroByZero" storage="d:\1_sem_net\dotnet-homeworks-2\homework1\hw1.tests\bin\debug\net6.0\hw1.tests.dll" id="5b4fad60-763d-70b4-2781-a3a056d9bf47">
      <Execution id="f4446537-1ebd-40db-8e39-5a75300b5b03" />
      <TestMethod codeBase="D:\1_sem_Net\dotnet-homeworks-2\Homework1\Hw1.Tests\bin\Debug\net6.0\Hw1.Tests.dll" adapterTypeName="executor://xunit/VsTestRunner2/netcoreapp" className="Hw1Tests.CalculatorTests" name="TestDividingNonZeroByZero" />
    </UnitTest>
    <UnitTest name="Hw1Tests.CalculatorTests.TestInvalidOperation" storage="d:\1_sem_net\dotnet-homeworks-2\homework1\hw1.tests\bin\debug\net6.0\hw1.tests.dll" id="5e702fb6-03b3-927b-f33a-ca681154737f">
      <Execution id="89e29a23-06fd-4d44-bfe2-eedef09e6d31" />
      <TestMethod codeBase="D:\1_sem_Net\dotnet-homeworks-2\Homework1\Hw1.Tests\bin\Debug\net6.0\Hw1.Tests.dll" adapterTypeName="executor://xunit/VsTestRunner2/netcoreapp" className="Hw1Tests.CalculatorTests" name="TestInvalidOperation" />
    </UnitTest>
    <UnitTest name="Hw1Tests.CalculatorTests.TestAllOperations(value1: 15, value2: 5, operation: Minus, expectedValue: 10)" storage="d:\1_sem_net\dotnet-homeworks-2\homework1\hw1.tests\bin\debug\net6.0\hw1.tests.dll" id="12cb7f68-9fbb-beb8-e183-c3424965c793">
      <Execution id="1bff2e19-7fc1-451a-bd17-9531b9d362b8" />
      <TestMethod codeBase="D:\1_sem_Net\dotnet-homeworks-2\Homework1\Hw1.Tests\bin\Debug\net6.0\Hw1.Tests.dll" adapterTypeName="executor://xunit/VsTestRunner2/netcoreapp" className="Hw1Tests.CalculatorTests" name="TestAllOperations" />
    </UnitTest>
    <UnitTest name="Hw1Tests.CalculatorTests.TestAllOperations(value1: 15, value2: 5, operation: Plus, expectedValue: 20)" storage="d:\1_sem_net\dotnet-homeworks-2\homework1\hw1.tests\bin\debug\net6.0\hw1.tests.dll" id="157132a0-2d73-3d97-627a-d055e418a425">
      <Execution id="ea2d5f36-724b-42cd-be7f-6ed651c938f6" />
      <TestMethod codeBase="D:\1_sem_Net\dotnet-homeworks-2\Homework1\Hw1.Tests\bin\Debug\net6.0\Hw1.Tests.dll" adapterTypeName="executor://xunit/VsTestRunner2/netcoreapp" className="Hw1Tests.CalculatorTests" name="TestAllOperations" />
    </UnitTest>
    <UnitTest name="Hw1Tests.ParserTests.TestCorrectOperations(operation: &quot;/&quot;, operationExpected: Divide)" storage="d:\1_sem_net\dotnet-homeworks-2\homework1\hw1.tests\bin\debug\net6.0\hw1.tests.dll" id="2c1f0024-d756-4e7e-c9e9-7b8888655bdc">
      <Execution id="ab5b3091-66d3-468d-8285-de97893982e4" />
      <TestMethod codeBase="D:\1_sem_Net\dotnet-homeworks-2\Homework1\Hw1.Tests\bin\Debug\net6.0\Hw1.Tests.dll" adapterTypeName="executor://xunit/VsTestRunner2/netcoreapp" className="Hw1Tests.ParserTests" name="TestCorrectOperations" />
    </UnitTest>
    <UnitTest name="Hw1Tests.CalculatorTests.TestAllOperations(value1: 15, value2: 5, operation: Divide, expectedValue: 3)" storage="d:\1_sem_net\dotnet-homeworks-2\homework1\hw1.tests\bin\debug\net6.0\hw1.tests.dll" id="e60d329e-0d64-b64d-43a0-f701207965c1">
      <Execution id="a955740b-22e0-43f9-a3f0-e051593de199" />
      <TestMethod codeBase="D:\1_sem_Net\dotnet-homeworks-2\Homework1\Hw1.Tests\bin\Debug\net6.0\Hw1.Tests.dll" adapterTypeName="executor://xunit/VsTestRunner2/netcoreapp" className="Hw1Tests.CalculatorTests" name="TestAllOperations" />
    </UnitTest>
    <UnitTest name="Hw1Tests.ParserTests.TestParserWrongOperation" storage="d:\1_sem_net\dotnet-homeworks-2\homework1\hw1.tests\bin\debug\net6.0\hw1.tests.dll" id="a49ebe87-d030-19ab-6fc7-dfe1b366c340">
      <Execution id="f35f0ba0-3f04-4bc7-a723-e144b0fe490f" />
      <TestMethod codeBase="D:\1_sem_Net\dotnet-homeworks-2\Homework1\Hw1.Tests\bin\Debug\net6.0\Hw1.Tests.dll" adapterTypeName="executor://xunit/VsTestRunner2/netcoreapp" className="Hw1Tests.ParserTests" name="TestParserWrongOperation" />
    </UnitTest>
    <UnitTest name="Hw1Tests.ParserTests.TestParserWrongValues(val1: &quot;3&quot;, operation: &quot;+&quot;, val2: &quot;f&quot;)" storage="d:\1_sem_net\dotnet-homeworks-2\homework1\hw1.tests\bin\debug\net6.0\hw1.tests.dll" id="12dcb00f-e534-ae45-87dc-923c427b885c">
      <Execution id="2cb218ac-3e37-4258-9b3e-cbc4907b302f" />
      <TestMethod codeBase="D:\1_sem_Net\dotnet-homeworks-2\Homework1\Hw1.Tests\bin\Debug\net6.0\Hw1.Tests.dll" adapterTypeName="executor://xunit/VsTestRunner2/netcoreapp" className="Hw1Tests.ParserTests" name="TestParserWrongValues" />
    </UnitTest>
    <UnitTest name="Hw1Tests.CalculatorTests.TestDividingZeroByZero" storage="d:\1_sem_net\dotnet-homeworks-2\homework1\hw1.tests\bin\debug\net6.0\hw1.tests.dll" id="06bc77ea-38d2-c50b-f0d1-5fcb70d98722">
      <Execution id="d3051862-99f1-4362-9b9d-6771755cbbb4" />
      <TestMethod codeBase="D:\1_sem_Net\dotnet-homeworks-2\Homework1\Hw1.Tests\bin\Debug\net6.0\Hw1.Tests.dll" adapterTypeName="executor://xunit/VsTestRunner2/netcoreapp" className="Hw1Tests.CalculatorTests" name="TestDividingZeroByZero" />
    </UnitTest>
    <UnitTest name="Hw1Tests.ParserTests.TestParserWrongLength" storage="d:\1_sem_net\dotnet-homeworks-2\homework1\hw1.tests\bin\debug\net6.0\hw1.tests.dll" id="f2a073dd-75dd-052f-7567-dde05c184bd6">
      <Execution id="585edcf6-9890-4fb9-ba51-75d391fc3537" />
      <TestMethod codeBase="D:\1_sem_Net\dotnet-homeworks-2\Homework1\Hw1.Tests\bin\Debug\net6.0\Hw1.Tests.dll" adapterTypeName="executor://xunit/VsTestRunner2/netcoreapp" className="Hw1Tests.ParserTests" name="TestParserWrongLength" />
    </UnitTest>
    <UnitTest name="Hw1Tests.ParserTests.TestCorrectOperations(operation: &quot;*&quot;, operationExpected: Multiply)" storage="d:\1_sem_net\dotnet-homeworks-2\homework1\hw1.tests\bin\debug\net6.0\hw1.tests.dll" id="897dadd0-5528-b6fe-f76c-424c38d3f5d8">
      <Execution id="0af066b1-f420-442e-83f9-64ade3fee261" />
      <TestMethod codeBase="D:\1_sem_Net\dotnet-homeworks-2\Homework1\Hw1.Tests\bin\Debug\net6.0\Hw1.Tests.dll" adapterTypeName="executor://xunit/VsTestRunner2/netcoreapp" className="Hw1Tests.ParserTests" name="TestCorrectOperations" />
    </UnitTest>
    <UnitTest name="Hw1Tests.CalculatorTests.TestDividingZeroByNonZero" storage="d:\1_sem_net\dotnet-homeworks-2\homework1\hw1.tests\bin\debug\net6.0\hw1.tests.dll" id="6c7c9f25-5265-c983-8373-889ec0ed368e">
      <Execution id="6ba55be1-0854-49bf-a4f2-d2d7d15637a4" />
      <TestMethod codeBase="D:\1_sem_Net\dotnet-homeworks-2\Homework1\Hw1.Tests\bin\Debug\net6.0\Hw1.Tests.dll" adapterTypeName="executor://xunit/VsTestRunner2/netcoreapp" className="Hw1Tests.CalculatorTests" name="TestDividingZeroByNonZero" />
    </UnitTest>
    <UnitTest name="Hw1Tests.ParserTests.TestParserWrongValues(val1: &quot;a&quot;, operation: &quot;+&quot;, val2: &quot;f&quot;)" storage="d:\1_sem_net\dotnet-homeworks-2\homework1\hw1.tests\bin\debug\net6.0\hw1.tests.dll" id="97da4d17-9eaa-de8b-fee7-2bd8b78fc311">
      <Execution id="75d302fb-1b60-485e-b6ff-ee923f0302ac" />
      <TestMethod codeBase="D:\1_sem_Net\dotnet-homeworks-2\Homework1\Hw1.Tests\bin\Debug\net6.0\Hw1.Tests.dll" adapterTypeName="executor://xunit/VsTestRunner2/netcoreapp" className="Hw1Tests.ParserTests" name="TestParserWrongValues" />
    </UnitTest>
  </TestDefinitions>
  <TestEntries>
    <TestEntry testId="e0d61420-d4cd-61a4-2f0f-0f6364cec6ba" executionId="6298fe09-f25b-4435-a8b4-90042a69a2fd" testListId="8c84fa94-04c1-424b-9868-57a2d4851a1d" />
    <TestEntry testId="157132a0-2d73-3d97-627a-d055e418a425" executionId="ea2d5f36-724b-42cd-be7f-6ed651c938f6" testListId="8c84fa94-04c1-424b-9868-57a2d4851a1d" />
    <TestEntry testId="06bc77ea-38d2-c50b-f0d1-5fcb70d98722" executionId="d3051862-99f1-4362-9b9d-6771755cbbb4" testListId="8c84fa94-04c1-424b-9868-57a2d4851a1d" />
    <TestEntry testId="f2a073dd-75dd-052f-7567-dde05c184bd6" executionId="585edcf6-9890-4fb9-ba51-75d391fc3537" testListId="8c84fa94-04c1-424b-9868-57a2d4851a1d" />
    <TestEntry testId="897dadd0-5528-b6fe-f76c-424c38d3f5d8" executionId="0af066b1-f420-442e-83f9-64ade3fee261" testListId="8c84fa94-04c1-424b-9868-57a2d4851a1d" />
    <TestEntry testId="12cb7f68-9fbb-beb8-e183-c3424965c793" executionId="1bff2e19-7fc1-451a-bd17-9531b9d362b8" testListId="8c84fa94-04c1-424b-9868-57a2d4851a1d" />
    <TestEntry testId="97da4d17-9eaa-de8b-fee7-2bd8b78fc311" executionId="75d302fb-1b60-485e-b6ff-ee923f0302ac" testListId="8c84fa94-04c1-424b-9868-57a2d4851a1d" />
    <TestEntry testId="f6435553-fecd-a0ce-1346-3c6cc417e1f7" executionId="2a30011e-a366-4376-a37e-71aad876a55d" testListId="8c84fa94-04c1-424b-9868-57a2d4851a1d" />
    <TestEntry testId="e60d329e-0d64-b64d-43a0-f701207965c1" executionId="a955740b-22e0-43f9-a3f0-e051593de199" testListId="8c84fa94-04c1-424b-9868-57a2d4851a1d" />
    <TestEntry testId="41e4452c-2bea-a7aa-ee23-05eae9994b8a" executionId="431b91db-fc8b-45e9-b3fb-64d8d0a2125d" testListId="8c84fa94-04c1-424b-9868-57a2d4851a1d" />
    <TestEntry testId="5e702fb6-03b3-927b-f33a-ca681154737f" executionId="89e29a23-06fd-4d44-bfe2-eedef09e6d31" testListId="8c84fa94-04c1-424b-9868-57a2d4851a1d" />
    <TestEntry testId="6c7c9f25-5265-c983-8373-889ec0ed368e" executionId="6ba55be1-0854-49bf-a4f2-d2d7d15637a4" testListId="8c84fa94-04c1-424b-9868-57a2d4851a1d" />
    <TestEntry testId="12dcb00f-e534-ae45-87dc-923c427b885c" executionId="2cb218ac-3e37-4258-9b3e-cbc4907b302f" testListId="8c84fa94-04c1-424b-9868-57a2d4851a1d" />
    <TestEntry testId="a9e91a99-9906-081b-bee6-b437902b3e66" executionId="492cd193-2a5f-4e77-98c1-303c8aee0c0e" testListId="8c84fa94-04c1-424b-9868-57a2d4851a1d" />
    <TestEntry testId="2c1f0024-d756-4e7e-c9e9-7b8888655bdc" executionId="ab5b3091-66d3-468d-8285-de97893982e4" testListId="8c84fa94-04c1-424b-9868-57a2d4851a1d" />
    <TestEntry testId="bd918f5e-7418-beb0-a2e8-1b58f062b58c" executionId="c07479d9-c326-40e1-ba29-fb9cdb67ce02" testListId="8c84fa94-04c1-424b-9868-57a2d4851a1d" />
    <TestEntry testId="5b4fad60-763d-70b4-2781-a3a056d9bf47" executionId="f4446537-1ebd-40db-8e39-5a75300b5b03" testListId="8c84fa94-04c1-424b-9868-57a2d4851a1d" />
    <TestEntry testId="a49ebe87-d030-19ab-6fc7-dfe1b366c340" executionId="f35f0ba0-3f04-4bc7-a723-e144b0fe490f" testListId="8c84fa94-04c1-424b-9868-57a2d4851a1d" />
  </TestEntries>
  <TestLists>
    <TestList name="Список результатов" id="8c84fa94-04c1-424b-9868-57a2d4851a1d" />
    <TestList name="Все загруженные результаты" id="19431567-8539-422a-85d7-44ee4e166bda" />
  </TestLists>
  <ResultSummary outcome="Completed">
    <Counters total="18" executed="18" passed="18" failed="0" error="0" timeout="0" aborted="0" inconclusive="0" passedButRunAborted="0" notRunnable="0" notExecuted="0" disconnected="0" warning="0" completed="0" inProgress="0" pending="0" />
    <Output>
      <StdOut>[xUnit.net 00:00:00.00] xUnit.net VSTest Adapter v2.4.3+1b45f5407b (64-bit .NET 6.0.8)&#xD;
[xUnit.net 00:00:07.82]   Discovering: Hw1.Tests&#xD;
[xUnit.net 00:00:07.92]   Discovered:  Hw1.Tests&#xD;
[xUnit.net 00:00:07.92]   Starting:    Hw1.Tests&#xD;
[xUnit.net 00:00:08.05]   Finished:    Hw1.Tests&#xD;
</StdOut>
    </Output>
  </ResultSummary>
</TestRun>