<?xml version="1.0" encoding="utf-8"?>
<TestRun id="e10c5dd9-fdf3-429d-8200-d18fccbb21fa" name="mihai@IMARION 2022-09-20 15:24:39" runUser="IMARION\mihai" xmlns="http://microsoft.com/schemas/VisualStudio/TeamTest/2010">
  <Times creation="2022-09-20T15:24:39.6903107+03:00" queuing="2022-09-20T15:24:39.6903111+03:00" start="2022-09-20T15:24:33.9218623+03:00" finish="2022-09-20T15:24:39.7478044+03:00" />
  <TestSettings name="default" id="3e37a0b2-3ae7-4fec-9574-56d940ee2eaf">
    <Deployment runDeploymentRoot="mihai_IMARION_2022-09-20_15_24_39" />
  </TestSettings>
  <Results>
    <UnitTestResult executionId="fc390dda-79d4-4646-8c38-596810d46dbb" testId="ddfeddb7-e489-b8ca-7819-5c3e9dd769eb" testName="Hw2Tests.ParserTests.TestCorrectOperations(operation: &quot;*&quot;, operationExpected: Multiply)" computerName="IMARION" duration="00:00:00.0000301" startTime="2022-09-20T15:24:39.6602250+03:00" endTime="2022-09-20T15:24:39.6602251+03:00" testType="13cdc9d9-ddb5-4fa4-a97d-d965ccfc6d4b" outcome="Passed" testListId="8c84fa94-04c1-424b-9868-57a2d4851a1d" relativeResultsDirectory="fc390dda-79d4-4646-8c38-596810d46dbb" />
    <UnitTestResult executionId="4300a41d-f111-41f1-8ba0-c59a49c3cd0f" testId="33b924a7-f665-0b3f-7175-d795942415f5" testName="Hw2Tests.ParserTests.TestParserWrongLength" computerName="IMARION" duration="00:00:00.0003727" startTime="2022-09-20T15:24:39.6601383+03:00" endTime="2022-09-20T15:24:39.6601384+03:00" testType="13cdc9d9-ddb5-4fa4-a97d-d965ccfc6d4b" outcome="Passed" testListId="8c84fa94-04c1-424b-9868-57a2d4851a1d" relativeResultsDirectory="4300a41d-f111-41f1-8ba0-c59a49c3cd0f" />
    <UnitTestResult executionId="4afadd6a-220f-45b0-b168-d4e9bcc184ec" testId="f29a6165-b115-b12e-f20c-e93adcb1f40c" testName="Hw2Tests.CalculatorTests.TestDividingNonZeroByZero" computerName="IMARION" duration="00:00:00.0000910" startTime="2022-09-20T15:24:39.6600975+03:00" endTime="2022-09-20T15:24:39.6600976+03:00" testType="13cdc9d9-ddb5-4fa4-a97d-d965ccfc6d4b" outcome="Passed" testListId="8c84fa94-04c1-424b-9868-57a2d4851a1d" relativeResultsDirectory="4afadd6a-220f-45b0-b168-d4e9bcc184ec" />
    <UnitTestResult executionId="d848616f-827a-4a51-9e75-8418a54a0e99" testId="822bc1d1-d144-e147-3166-c32f24d5abe2" testName="Hw2Tests.CalculatorTests.TestAllOperations(value1: 15, value2: 5, operation: Multiply, expectedValue: 75)" computerName="IMARION" duration="00:00:00.0000048" startTime="2022-09-20T15:24:39.6454214+03:00" endTime="2022-09-20T15:24:39.6454219+03:00" testType="13cdc9d9-ddb5-4fa4-a97d-d965ccfc6d4b" outcome="Passed" testListId="8c84fa94-04c1-424b-9868-57a2d4851a1d" relativeResultsDirectory="d848616f-827a-4a51-9e75-8418a54a0e99" />
    <UnitTestResult executionId="bf49e50a-e23c-4857-b2b9-a8536eed5ca0" testId="d2c43044-aa6a-864a-b4fc-7e9b7cc3f396" testName="Hw2Tests.CalculatorTests.TestAllOperations(value1: 15, value2: 5, operation: Plus, expectedValue: 20)" computerName="IMARION" duration="00:00:00.0000090" startTime="2022-09-20T15:24:39.6453690+03:00" endTime="2022-09-20T15:24:39.6453691+03:00" testType="13cdc9d9-ddb5-4fa4-a97d-d965ccfc6d4b" outcome="Passed" testListId="8c84fa94-04c1-424b-9868-57a2d4851a1d" relativeResultsDirectory="bf49e50a-e23c-4857-b2b9-a8536eed5ca0" />
    <UnitTestResult executionId="911d4252-992c-4bb1-9c1a-3bd77af4185e" testId="78f36cb1-c729-8c9e-05e9-d73a146ebae7" testName="Hw2Tests.ParserTests.TestParserWrongOperation" computerName="IMARION" duration="00:00:00.0008654" startTime="2022-09-20T15:24:39.6603788+03:00" endTime="2022-09-20T15:24:39.6603789+03:00" testType="13cdc9d9-ddb5-4fa4-a97d-d965ccfc6d4b" outcome="Passed" testListId="8c84fa94-04c1-424b-9868-57a2d4851a1d" relativeResultsDirectory="911d4252-992c-4bb1-9c1a-3bd77af4185e" />
    <UnitTestResult executionId="dc79400c-8432-4b66-a370-1c6b5e65adcc" testId="416c129a-bad8-9d1f-f2eb-c94f529f7e36" testName="Hw2Tests.CalculatorTests.TestDividingZeroByZero" computerName="IMARION" duration="00:00:00.0000985" startTime="2022-09-20T15:24:39.6600235+03:00" endTime="2022-09-20T15:24:39.6600235+03:00" testType="13cdc9d9-ddb5-4fa4-a97d-d965ccfc6d4b" outcome="Passed" testListId="8c84fa94-04c1-424b-9868-57a2d4851a1d" relativeResultsDirectory="dc79400c-8432-4b66-a370-1c6b5e65adcc" />
    <UnitTestResult executionId="dd21038e-a36c-4a38-8452-4d7eda82a2d9" testId="6b2bffc2-0337-e254-4dde-1d22f6d15a4b" testName="Hw2Tests.ParserTests.TestCorrectOperations(operation: &quot;/&quot;, operationExpected: Divide)" computerName="IMARION" duration="00:00:00.0000124" startTime="2022-09-20T15:24:39.6602522+03:00" endTime="2022-09-20T15:24:39.6602523+03:00" testType="13cdc9d9-ddb5-4fa4-a97d-d965ccfc6d4b" outcome="Passed" testListId="8c84fa94-04c1-424b-9868-57a2d4851a1d" relativeResultsDirectory="dd21038e-a36c-4a38-8452-4d7eda82a2d9" />
    <UnitTestResult executionId="86d9c626-0652-4e3e-bb1f-1a44fc223dfc" testId="4cec06e7-e0d3-5ba4-30bc-b455ec1a962b" testName="Hw2Tests.ParserTests.TestParserWrongValues(val1: &quot;f&quot;, operation: &quot;+&quot;, val2: &quot;3&quot;)" computerName="IMARION" duration="00:00:00.0052853" startTime="2022-09-20T15:24:39.6384180+03:00" endTime="2022-09-20T15:24:39.6384758+03:00" testType="13cdc9d9-ddb5-4fa4-a97d-d965ccfc6d4b" outcome="Passed" testListId="8c84fa94-04c1-424b-9868-57a2d4851a1d" relativeResultsDirectory="86d9c626-0652-4e3e-bb1f-1a44fc223dfc" />
    <UnitTestResult executionId="d04ddc58-2eab-44d1-a8a5-80680abd73e7" testId="cc1c8fac-a115-0e0b-b032-e2c94f63e200" testName="Hw2Tests.ParserTests.TestCorrectOperations(operation: &quot;-&quot;, operationExpected: Minus)" computerName="IMARION" duration="00:00:00.0031051" startTime="2022-09-20T15:24:39.6601951+03:00" endTime="2022-09-20T15:24:39.6601951+03:00" testType="13cdc9d9-ddb5-4fa4-a97d-d965ccfc6d4b" outcome="Passed" testListId="8c84fa94-04c1-424b-9868-57a2d4851a1d" relativeResultsDirectory="d04ddc58-2eab-44d1-a8a5-80680abd73e7" />
    <UnitTestResult executionId="354c73ae-c7e0-4228-b266-7ec87a5dc30a" testId="22b25cef-fbf4-c107-6651-abbd90997a44" testName="Hw2Tests.ParserTests.TestParserWrongValues(val1: &quot;3&quot;, operation: &quot;+&quot;, val2: &quot;f&quot;)" computerName="IMARION" duration="00:00:00.0002586" startTime="2022-09-20T15:24:39.6454017+03:00" endTime="2022-09-20T15:24:39.6454018+03:00" testType="13cdc9d9-ddb5-4fa4-a97d-d965ccfc6d4b" outcome="Passed" testListId="8c84fa94-04c1-424b-9868-57a2d4851a1d" relativeResultsDirectory="354c73ae-c7e0-4228-b266-7ec87a5dc30a" />
    <UnitTestResult executionId="31e92f0b-28b8-4a41-affd-4a6c8ab1182b" testId="daf66f02-4e8d-32eb-aea0-ffbca112243d" testName="Hw2Tests.CalculatorTests.TestAllOperations(value1: 15, value2: 5, operation: Minus, expectedValue: 10)" computerName="IMARION" duration="00:00:00.0001370" startTime="2022-09-20T15:24:39.6451785+03:00" endTime="2022-09-20T15:24:39.6451786+03:00" testType="13cdc9d9-ddb5-4fa4-a97d-d965ccfc6d4b" outcome="Passed" testListId="8c84fa94-04c1-424b-9868-57a2d4851a1d" relativeResultsDirectory="31e92f0b-28b8-4a41-affd-4a6c8ab1182b" />
    <UnitTestResult executionId="b2032fc6-ade3-4c5f-bcdd-22b494276d45" testId="5ad4c9fa-0aec-a430-9a72-dd1b5599dcd0" testName="Hw2Tests.CalculatorTests.TestInvalidOperation" computerName="IMARION" duration="00:00:00.0006651" startTime="2022-09-20T15:24:39.6601771+03:00" endTime="2022-09-20T15:24:39.6601771+03:00" testType="13cdc9d9-ddb5-4fa4-a97d-d965ccfc6d4b" outcome="Passed" testListId="8c84fa94-04c1-424b-9868-57a2d4851a1d" relativeResultsDirectory="b2032fc6-ade3-4c5f-bcdd-22b494276d45" />
    <UnitTestResult executionId="e1fd55ca-84a1-4ba2-9f65-f966127ca98b" testId="1fcbfca2-e4ce-a672-1836-3f5378162ab8" testName="Hw2Tests.ParserTests.TestParserWrongValues(val1: &quot;a&quot;, operation: &quot;+&quot;, val2: &quot;f&quot;)" computerName="IMARION" duration="00:00:00.0000882" startTime="2022-09-20T15:24:39.6450873+03:00" endTime="2022-09-20T15:24:39.6450874+03:00" testType="13cdc9d9-ddb5-4fa4-a97d-d965ccfc6d4b" outcome="Passed" testListId="8c84fa94-04c1-424b-9868-57a2d4851a1d" relativeResultsDirectory="e1fd55ca-84a1-4ba2-9f65-f966127ca98b" />
    <UnitTestResult executionId="a6c00bcd-dbe1-4bc1-9182-fa744a5a4615" testId="1fa857d2-68c4-665a-86c4-a0ae4fa55001" testName="Hw2Tests.CalculatorTests.TestDividingZeroByNonZero" computerName="IMARION" duration="00:00:00.0063850" startTime="2022-09-20T15:24:39.6437822+03:00" endTime="2022-09-20T15:24:39.6437823+03:00" testType="13cdc9d9-ddb5-4fa4-a97d-d965ccfc6d4b" outcome="Passed" testListId="8c84fa94-04c1-424b-9868-57a2d4851a1d" relativeResultsDirectory="a6c00bcd-dbe1-4bc1-9182-fa744a5a4615" />
    <UnitTestResult executionId="3d2f1fd2-332e-4f1a-97bc-33eed4182fbb" testId="c5dd1bb8-2ca8-69db-8ac7-11fbeda09c94" testName="Hw2Tests.ParserTests.TestCorrectOperations(operation: &quot;+&quot;, operationExpected: Plus)" computerName="IMARION" duration="00:00:00.0000079" startTime="2022-09-20T15:24:39.6603077+03:00" endTime="2022-09-20T15:24:39.6603079+03:00" testType="13cdc9d9-ddb5-4fa4-a97d-d965ccfc6d4b" outcome="Passed" testListId="8c84fa94-04c1-424b-9868-57a2d4851a1d" relativeResultsDirectory="3d2f1fd2-332e-4f1a-97bc-33eed4182fbb" />
    <UnitTestResult executionId="0099b8fe-22e9-495c-98e3-f8a5cc8f953b" testId="cef8aa59-e181-d867-646a-37c36645b8e7" testName="Hw2Tests.CalculatorTests.TestAllOperations(value1: 15, value2: 5, operation: Divide, expectedValue: 3)" computerName="IMARION" duration="00:00:00.0000062" startTime="2022-09-20T15:24:39.6454668+03:00" endTime="2022-09-20T15:24:39.6454669+03:00" testType="13cdc9d9-ddb5-4fa4-a97d-d965ccfc6d4b" outcome="Passed" testListId="8c84fa94-04c1-424b-9868-57a2d4851a1d" relativeResultsDirectory="0099b8fe-22e9-495c-98e3-f8a5cc8f953b" />
  </Results>
  <TestDefinitions>
    <UnitTest name="Hw2Tests.CalculatorTests.TestAllOperations(value1: 15, value2: 5, operation: Minus, expectedValue: 10)" storage="d:\1_sem_net\dotnet-homeworks-2\homework2\hw2.tests\bin\debug\net6.0\hw2tests.dll" id="daf66f02-4e8d-32eb-aea0-ffbca112243d">
      <Execution id="31e92f0b-28b8-4a41-affd-4a6c8ab1182b" />
      <TestMethod codeBase="D:\1_sem_Net\dotnet-homeworks-2\Homework2\Hw2.Tests\bin\Debug\net6.0\Hw2Tests.dll" adapterTypeName="executor://xunit/VsTestRunner2/netcoreapp" className="Hw2Tests.CalculatorTests" name="TestAllOperations" />
    </UnitTest>
    <UnitTest name="Hw2Tests.CalculatorTests.TestDividingZeroByNonZero" storage="d:\1_sem_net\dotnet-homeworks-2\homework2\hw2.tests\bin\debug\net6.0\hw2tests.dll" id="1fa857d2-68c4-665a-86c4-a0ae4fa55001">
      <Execution id="a6c00bcd-dbe1-4bc1-9182-fa744a5a4615" />
      <TestMethod codeBase="D:\1_sem_Net\dotnet-homeworks-2\Homework2\Hw2.Tests\bin\Debug\net6.0\Hw2Tests.dll" adapterTypeName="executor://xunit/VsTestRunner2/netcoreapp" className="Hw2Tests.CalculatorTests" name="TestDividingZeroByNonZero" />
    </UnitTest>
    <UnitTest name="Hw2Tests.ParserTests.TestParserWrongValues(val1: &quot;f&quot;, operation: &quot;+&quot;, val2: &quot;3&quot;)" storage="d:\1_sem_net\dotnet-homeworks-2\homework2\hw2.tests\bin\debug\net6.0\hw2tests.dll" id="4cec06e7-e0d3-5ba4-30bc-b455ec1a962b">
      <Execution id="86d9c626-0652-4e3e-bb1f-1a44fc223dfc" />
      <TestMethod codeBase="D:\1_sem_Net\dotnet-homeworks-2\Homework2\Hw2.Tests\bin\Debug\net6.0\Hw2Tests.dll" adapterTypeName="executor://xunit/VsTestRunner2/netcoreapp" className="Hw2Tests.ParserTests" name="TestParserWrongValues" />
    </UnitTest>
    <UnitTest name="Hw2Tests.ParserTests.TestCorrectOperations(operation: &quot;+&quot;, operationExpected: Plus)" storage="d:\1_sem_net\dotnet-homeworks-2\homework2\hw2.tests\bin\debug\net6.0\hw2tests.dll" id="c5dd1bb8-2ca8-69db-8ac7-11fbeda09c94">
      <Execution id="3d2f1fd2-332e-4f1a-97bc-33eed4182fbb" />
      <TestMethod codeBase="D:\1_sem_Net\dotnet-homeworks-2\Homework2\Hw2.Tests\bin\Debug\net6.0\Hw2Tests.dll" adapterTypeName="executor://xunit/VsTestRunner2/netcoreapp" className="Hw2Tests.ParserTests" name="TestCorrectOperations" />
    </UnitTest>
    <UnitTest name="Hw2Tests.CalculatorTests.TestAllOperations(value1: 15, value2: 5, operation: Plus, expectedValue: 20)" storage="d:\1_sem_net\dotnet-homeworks-2\homework2\hw2.tests\bin\debug\net6.0\hw2tests.dll" id="d2c43044-aa6a-864a-b4fc-7e9b7cc3f396">
      <Execution id="bf49e50a-e23c-4857-b2b9-a8536eed5ca0" />
      <TestMethod codeBase="D:\1_sem_Net\dotnet-homeworks-2\Homework2\Hw2.Tests\bin\Debug\net6.0\Hw2Tests.dll" adapterTypeName="executor://xunit/VsTestRunner2/netcoreapp" className="Hw2Tests.CalculatorTests" name="TestAllOperations" />
    </UnitTest>
    <UnitTest name="Hw2Tests.ParserTests.TestParserWrongValues(val1: &quot;3&quot;, operation: &quot;+&quot;, val2: &quot;f&quot;)" storage="d:\1_sem_net\dotnet-homeworks-2\homework2\hw2.tests\bin\debug\net6.0\hw2tests.dll" id="22b25cef-fbf4-c107-6651-abbd90997a44">
      <Execution id="354c73ae-c7e0-4228-b266-7ec87a5dc30a" />
      <TestMethod codeBase="D:\1_sem_Net\dotnet-homeworks-2\Homework2\Hw2.Tests\bin\Debug\net6.0\Hw2Tests.dll" adapterTypeName="executor://xunit/VsTestRunner2/netcoreapp" className="Hw2Tests.ParserTests" name="TestParserWrongValues" />
    </UnitTest>
    <UnitTest name="Hw2Tests.ParserTests.TestCorrectOperations(operation: &quot;-&quot;, operationExpected: Minus)" storage="d:\1_sem_net\dotnet-homeworks-2\homework2\hw2.tests\bin\debug\net6.0\hw2tests.dll" id="cc1c8fac-a115-0e0b-b032-e2c94f63e200">
      <Execution id="d04ddc58-2eab-44d1-a8a5-80680abd73e7" />
      <TestMethod codeBase="D:\1_sem_Net\dotnet-homeworks-2\Homework2\Hw2.Tests\bin\Debug\net6.0\Hw2Tests.dll" adapterTypeName="executor://xunit/VsTestRunner2/netcoreapp" className="Hw2Tests.ParserTests" name="TestCorrectOperations" />
    </UnitTest>
    <UnitTest name="Hw2Tests.CalculatorTests.TestAllOperations(value1: 15, value2: 5, operation: Multiply, expectedValue: 75)" storage="d:\1_sem_net\dotnet-homeworks-2\homework2\hw2.tests\bin\debug\net6.0\hw2tests.dll" id="822bc1d1-d144-e147-3166-c32f24d5abe2">
      <Execution id="d848616f-827a-4a51-9e75-8418a54a0e99" />
      <TestMethod codeBase="D:\1_sem_Net\dotnet-homeworks-2\Homework2\Hw2.Tests\bin\Debug\net6.0\Hw2Tests.dll" adapterTypeName="executor://xunit/VsTestRunner2/netcoreapp" className="Hw2Tests.CalculatorTests" name="TestAllOperations" />
    </UnitTest>
    <UnitTest name="Hw2Tests.ParserTests.TestParserWrongValues(val1: &quot;a&quot;, operation: &quot;+&quot;, val2: &quot;f&quot;)" storage="d:\1_sem_net\dotnet-homeworks-2\homework2\hw2.tests\bin\debug\net6.0\hw2tests.dll" id="1fcbfca2-e4ce-a672-1836-3f5378162ab8">
      <Execution id="e1fd55ca-84a1-4ba2-9f65-f966127ca98b" />
      <TestMethod codeBase="D:\1_sem_Net\dotnet-homeworks-2\Homework2\Hw2.Tests\bin\Debug\net6.0\Hw2Tests.dll" adapterTypeName="executor://xunit/VsTestRunner2/netcoreapp" className="Hw2Tests.ParserTests" name="TestParserWrongValues" />
    </UnitTest>
    <UnitTest name="Hw2Tests.ParserTests.TestCorrectOperations(operation: &quot;/&quot;, operationExpected: Divide)" storage="d:\1_sem_net\dotnet-homeworks-2\homework2\hw2.tests\bin\debug\net6.0\hw2tests.dll" id="6b2bffc2-0337-e254-4dde-1d22f6d15a4b">
      <Execution id="dd21038e-a36c-4a38-8452-4d7eda82a2d9" />
      <TestMethod codeBase="D:\1_sem_Net\dotnet-homeworks-2\Homework2\Hw2.Tests\bin\Debug\net6.0\Hw2Tests.dll" adapterTypeName="executor://xunit/VsTestRunner2/netcoreapp" className="Hw2Tests.ParserTests" name="TestCorrectOperations" />
    </UnitTest>
    <UnitTest name="Hw2Tests.CalculatorTests.TestInvalidOperation" storage="d:\1_sem_net\dotnet-homeworks-2\homework2\hw2.tests\bin\debug\net6.0\hw2tests.dll" id="5ad4c9fa-0aec-a430-9a72-dd1b5599dcd0">
      <Execution id="b2032fc6-ade3-4c5f-bcdd-22b494276d45" />
      <TestMethod codeBase="D:\1_sem_Net\dotnet-homeworks-2\Homework2\Hw2.Tests\bin\Debug\net6.0\Hw2Tests.dll" adapterTypeName="executor://xunit/VsTestRunner2/netcoreapp" className="Hw2Tests.CalculatorTests" name="TestInvalidOperation" />
    </UnitTest>
    <UnitTest name="Hw2Tests.CalculatorTests.TestDividingNonZeroByZero" storage="d:\1_sem_net\dotnet-homeworks-2\homework2\hw2.tests\bin\debug\net6.0\hw2tests.dll" id="f29a6165-b115-b12e-f20c-e93adcb1f40c">
      <Execution id="4afadd6a-220f-45b0-b168-d4e9bcc184ec" />
      <TestMethod codeBase="D:\1_sem_Net\dotnet-homeworks-2\Homework2\Hw2.Tests\bin\Debug\net6.0\Hw2Tests.dll" adapterTypeName="executor://xunit/VsTestRunner2/netcoreapp" className="Hw2Tests.CalculatorTests" name="TestDividingNonZeroByZero" />
    </UnitTest>
    <UnitTest name="Hw2Tests.CalculatorTests.TestAllOperations(value1: 15, value2: 5, operation: Divide, expectedValue: 3)" storage="d:\1_sem_net\dotnet-homeworks-2\homework2\hw2.tests\bin\debug\net6.0\hw2tests.dll" id="cef8aa59-e181-d867-646a-37c36645b8e7">
      <Execution id="0099b8fe-22e9-495c-98e3-f8a5cc8f953b" />
      <TestMethod codeBase="D:\1_sem_Net\dotnet-homeworks-2\Homework2\Hw2.Tests\bin\Debug\net6.0\Hw2Tests.dll" adapterTypeName="executor://xunit/VsTestRunner2/netcoreapp" className="Hw2Tests.CalculatorTests" name="TestAllOperations" />
    </UnitTest>
    <UnitTest name="Hw2Tests.ParserTests.TestCorrectOperations(operation: &quot;*&quot;, operationExpected: Multiply)" storage="d:\1_sem_net\dotnet-homeworks-2\homework2\hw2.tests\bin\debug\net6.0\hw2tests.dll" id="ddfeddb7-e489-b8ca-7819-5c3e9dd769eb">
      <Execution id="fc390dda-79d4-4646-8c38-596810d46dbb" />
      <TestMethod codeBase="D:\1_sem_Net\dotnet-homeworks-2\Homework2\Hw2.Tests\bin\Debug\net6.0\Hw2Tests.dll" adapterTypeName="executor://xunit/VsTestRunner2/netcoreapp" className="Hw2Tests.ParserTests" name="TestCorrectOperations" />
    </UnitTest>
    <UnitTest name="Hw2Tests.ParserTests.TestParserWrongLength" storage="d:\1_sem_net\dotnet-homeworks-2\homework2\hw2.tests\bin\debug\net6.0\hw2tests.dll" id="33b924a7-f665-0b3f-7175-d795942415f5">
      <Execution id="4300a41d-f111-41f1-8ba0-c59a49c3cd0f" />
      <TestMethod codeBase="D:\1_sem_Net\dotnet-homeworks-2\Homework2\Hw2.Tests\bin\Debug\net6.0\Hw2Tests.dll" adapterTypeName="executor://xunit/VsTestRunner2/netcoreapp" className="Hw2Tests.ParserTests" name="TestParserWrongLength" />
    </UnitTest>
    <UnitTest name="Hw2Tests.CalculatorTests.TestDividingZeroByZero" storage="d:\1_sem_net\dotnet-homeworks-2\homework2\hw2.tests\bin\debug\net6.0\hw2tests.dll" id="416c129a-bad8-9d1f-f2eb-c94f529f7e36">
      <Execution id="dc79400c-8432-4b66-a370-1c6b5e65adcc" />
      <TestMethod codeBase="D:\1_sem_Net\dotnet-homeworks-2\Homework2\Hw2.Tests\bin\Debug\net6.0\Hw2Tests.dll" adapterTypeName="executor://xunit/VsTestRunner2/netcoreapp" className="Hw2Tests.CalculatorTests" name="TestDividingZeroByZero" />
    </UnitTest>
    <UnitTest name="Hw2Tests.ParserTests.TestParserWrongOperation" storage="d:\1_sem_net\dotnet-homeworks-2\homework2\hw2.tests\bin\debug\net6.0\hw2tests.dll" id="78f36cb1-c729-8c9e-05e9-d73a146ebae7">
      <Execution id="911d4252-992c-4bb1-9c1a-3bd77af4185e" />
      <TestMethod codeBase="D:\1_sem_Net\dotnet-homeworks-2\Homework2\Hw2.Tests\bin\Debug\net6.0\Hw2Tests.dll" adapterTypeName="executor://xunit/VsTestRunner2/netcoreapp" className="Hw2Tests.ParserTests" name="TestParserWrongOperation" />
    </UnitTest>
  </TestDefinitions>
  <TestEntries>
    <TestEntry testId="ddfeddb7-e489-b8ca-7819-5c3e9dd769eb" executionId="fc390dda-79d4-4646-8c38-596810d46dbb" testListId="8c84fa94-04c1-424b-9868-57a2d4851a1d" />
    <TestEntry testId="33b924a7-f665-0b3f-7175-d795942415f5" executionId="4300a41d-f111-41f1-8ba0-c59a49c3cd0f" testListId="8c84fa94-04c1-424b-9868-57a2d4851a1d" />
    <TestEntry testId="f29a6165-b115-b12e-f20c-e93adcb1f40c" executionId="4afadd6a-220f-45b0-b168-d4e9bcc184ec" testListId="8c84fa94-04c1-424b-9868-57a2d4851a1d" />
    <TestEntry testId="822bc1d1-d144-e147-3166-c32f24d5abe2" executionId="d848616f-827a-4a51-9e75-8418a54a0e99" testListId="8c84fa94-04c1-424b-9868-57a2d4851a1d" />
    <TestEntry testId="d2c43044-aa6a-864a-b4fc-7e9b7cc3f396" executionId="bf49e50a-e23c-4857-b2b9-a8536eed5ca0" testListId="8c84fa94-04c1-424b-9868-57a2d4851a1d" />
    <TestEntry testId="78f36cb1-c729-8c9e-05e9-d73a146ebae7" executionId="911d4252-992c-4bb1-9c1a-3bd77af4185e" testListId="8c84fa94-04c1-424b-9868-57a2d4851a1d" />
    <TestEntry testId="416c129a-bad8-9d1f-f2eb-c94f529f7e36" executionId="dc79400c-8432-4b66-a370-1c6b5e65adcc" testListId="8c84fa94-04c1-424b-9868-57a2d4851a1d" />
    <TestEntry testId="6b2bffc2-0337-e254-4dde-1d22f6d15a4b" executionId="dd21038e-a36c-4a38-8452-4d7eda82a2d9" testListId="8c84fa94-04c1-424b-9868-57a2d4851a1d" />
    <TestEntry testId="4cec06e7-e0d3-5ba4-30bc-b455ec1a962b" executionId="86d9c626-0652-4e3e-bb1f-1a44fc223dfc" testListId="8c84fa94-04c1-424b-9868-57a2d4851a1d" />
    <TestEntry testId="cc1c8fac-a115-0e0b-b032-e2c94f63e200" executionId="d04ddc58-2eab-44d1-a8a5-80680abd73e7" testListId="8c84fa94-04c1-424b-9868-57a2d4851a1d" />
    <TestEntry testId="22b25cef-fbf4-c107-6651-abbd90997a44" executionId="354c73ae-c7e0-4228-b266-7ec87a5dc30a" testListId="8c84fa94-04c1-424b-9868-57a2d4851a1d" />
    <TestEntry testId="daf66f02-4e8d-32eb-aea0-ffbca112243d" executionId="31e92f0b-28b8-4a41-affd-4a6c8ab1182b" testListId="8c84fa94-04c1-424b-9868-57a2d4851a1d" />
    <TestEntry testId="5ad4c9fa-0aec-a430-9a72-dd1b5599dcd0" executionId="b2032fc6-ade3-4c5f-bcdd-22b494276d45" testListId="8c84fa94-04c1-424b-9868-57a2d4851a1d" />
    <TestEntry testId="1fcbfca2-e4ce-a672-1836-3f5378162ab8" executionId="e1fd55ca-84a1-4ba2-9f65-f966127ca98b" testListId="8c84fa94-04c1-424b-9868-57a2d4851a1d" />
    <TestEntry testId="1fa857d2-68c4-665a-86c4-a0ae4fa55001" executionId="a6c00bcd-dbe1-4bc1-9182-fa744a5a4615" testListId="8c84fa94-04c1-424b-9868-57a2d4851a1d" />
    <TestEntry testId="c5dd1bb8-2ca8-69db-8ac7-11fbeda09c94" executionId="3d2f1fd2-332e-4f1a-97bc-33eed4182fbb" testListId="8c84fa94-04c1-424b-9868-57a2d4851a1d" />
    <TestEntry testId="cef8aa59-e181-d867-646a-37c36645b8e7" executionId="0099b8fe-22e9-495c-98e3-f8a5cc8f953b" testListId="8c84fa94-04c1-424b-9868-57a2d4851a1d" />
  </TestEntries>
  <TestLists>
    <TestList name="Список результатов" id="8c84fa94-04c1-424b-9868-57a2d4851a1d" />
    <TestList name="Все загруженные результаты" id="19431567-8539-422a-85d7-44ee4e166bda" />
  </TestLists>
  <ResultSummary outcome="Completed">
    <Counters total="17" executed="17" passed="17" failed="0" error="0" timeout="0" aborted="0" inconclusive="0" passedButRunAborted="0" notRunnable="0" notExecuted="0" disconnected="0" warning="0" completed="0" inProgress="0" pending="0" />
    <Output>
      <StdOut>[xUnit.net 00:00:00.01] xUnit.net VSTest Adapter v2.4.3+1b45f5407b (64-bit .NET 6.0.8)&#xD;
[xUnit.net 00:00:02.05]   Discovering: Hw2Tests&#xD;
[xUnit.net 00:00:02.15]   Discovered:  Hw2Tests&#xD;
[xUnit.net 00:00:02.16]   Starting:    Hw2Tests&#xD;
[xUnit.net 00:00:02.30]   Finished:    Hw2Tests&#xD;
</StdOut>
    </Output>
  </ResultSummary>
</TestRun>